Recursive use of cursors not allowed.
Recursive use of cursors not allowed.
Recursive use of cursors not allowed.
min() arg is an empty sequence
index -1 is out of bounds for axis 0 with size 0
index -1 is out of bounds for axis 0 with size 0
index -1 is out of bounds for axis 0 with size 0
Recursive use of cursors not allowed.
min() arg is an empty sequence
index -1 is out of bounds for axis 0 with size 0
min() arg is an empty sequence
index -1 is out of bounds for axis 0 with size 0
index -1 is out of bounds for axis 0 with size 0
Recursive use of cursors not allowed.
min() arg is an empty sequence
index -1 is out of bounds for axis 0 with size 0
min() arg is an empty sequence
min() arg is an empty sequence
index -1 is out of bounds for axis 0 with size 0
index -1 is out of bounds for axis 0 with size 0
index -1 is out of bounds for axis 0 with size 0
min() arg is an empty sequence
index -1 is out of bounds for axis 0 with size 0
Recursive use of cursors not allowed.
Recursive use of cursors not allowed.
Recursive use of cursors not allowed.
min() arg is an empty sequence
index -1 is out of bounds for axis 0 with size 0
index -1 is out of bounds for axis 0 with size 0
index -1 is out of bounds for axis 0 with size 0
Recursive use of cursors not allowed.
min() arg is an empty sequence
index -1 is out of bounds for axis 0 with size 0
min() arg is an empty sequence
min() arg is an empty sequence
index -1 is out of bounds for axis 0 with size 0
min() arg is an empty sequence
index -1 is out of bounds for axis 0 with size 0
Recursive use of cursors not allowed.
Recursive use of cursors not allowed.
Recursive use of cursors not allowed.
Recursive use of cursors not allowed.
Recursive use of cursors not allowed.
Recursive use of cursors not allowed.
Recursive use of cursors not allowed.
Recursive use of cursors not allowed.
Recursive use of cursors not allowed.
Execution failed on sql 'SELECT sentiment.* FROM sentiment_fts fts LEFT JOIN sentiment ON fts.rowid = sentiment.id WHERE fts.sentiment_fts MATCH ? ORDER BY fts.rowid DESC LIMIT 1000': fts5: syntax error near "\"
Execution failed on sql 'SELECT sentiment.* FROM sentiment_fts fts LEFT JOIN sentiment ON fts.rowid = sentiment.id WHERE fts.sentiment_fts MATCH ? ORDER BY fts.rowid DESC LIMIT 10000': fts5: syntax error near "\"
Execution failed on sql 'SELECT sentiment.* FROM sentiment_fts fts LEFT JOIN sentiment ON fts.rowid = sentiment.id WHERE fts.sentiment_fts MATCH ? ORDER BY fts.rowid DESC LIMIT 1000': fts5: syntax error near "\"
Execution failed on sql 'SELECT sentiment.* FROM sentiment_fts fts LEFT JOIN sentiment ON fts.rowid = sentiment.id WHERE fts.sentiment_fts MATCH ? ORDER BY fts.rowid DESC LIMIT 10000': fts5: syntax error near "\"
Recursive use of cursors not allowed.
Recursive use of cursors not allowed.
Recursive use of cursors not allowed.
Recursive use of cursors not allowed.
Recursive use of cursors not allowed.
Recursive use of cursors not allowed.
min() arg is an empty sequence
index -1 is out of bounds for axis 0 with size 0
index -1 is out of bounds for axis 0 with size 0
index -1 is out of bounds for axis 0 with size 0
index -1 is out of bounds for axis 0 with size 0
index -1 is out of bounds for axis 0 with size 0
index -1 is out of bounds for axis 0 with size 0
index -1 is out of bounds for axis 0 with size 0
index -1 is out of bounds for axis 0 with size 0
index -1 is out of bounds for axis 0 with size 0
index -1 is out of bounds for axis 0 with size 0
index -1 is out of bounds for axis 0 with size 0
index -1 is out of bounds for axis 0 with size 0
index -1 is out of bounds for axis 0 with size 0
index -1 is out of bounds for axis 0 with size 0
index -1 is out of bounds for axis 0 with size 0
index -1 is out of bounds for axis 0 with size 0
index -1 is out of bounds for axis 0 with size 0
index -1 is out of bounds for axis 0 with size 0
Recursive use of cursors not allowed.
min() arg is an empty sequence
Recursive use of cursors not allowed.
min() arg is an empty sequence
index -1 is out of bounds for axis 0 with size 0
Recursive use of cursors not allowed.
index -1 is out of bounds for axis 0 with size 0
index -1 is out of bounds for axis 0 with size 0
min() arg is an empty sequence
index -1 is out of bounds for axis 0 with size 0
min() arg is an empty sequence
index -1 is out of bounds for axis 0 with size 0
index -1 is out of bounds for axis 0 with size 0
index -1 is out of bounds for axis 0 with size 0
index -1 is out of bounds for axis 0 with size 0
index -1 is out of bounds for axis 0 with size 0
index -1 is out of bounds for axis 0 with size 0
index -1 is out of bounds for axis 0 with size 0
index -1 is out of bounds for axis 0 with size 0
index -1 is out of bounds for axis 0 with size 0
min() arg is an empty sequence
index -1 is out of bounds for axis 0 with size 0
Recursive use of cursors not allowed.
Recursive use of cursors not allowed.
